
[1m[46m RUN [49m[22m [36mv4.0.13 [39m[90mC:/Users/antoi/Projects/projet-test/clean-archi-express[39m


[31m⎯⎯⎯⎯⎯⎯[39m[1m[41m Failed Suites 1 [49m[22m[31m⎯⎯⎯⎯⎯⎯⎯[39m

[41m[1m FAIL [22m[49m test/infrastructure/httpServer.spec.ts[2m [ test/infrastructure/httpServer.spec.ts ][22m
[31m[1mError[22m: Transform failed with 1 error:
C:/Users/antoi/Projects/projet-test/clean-archi-express/src/infrastructure/httpServer.ts:162:1: ERROR: Unexpected ")"[39m
  Plugin: [35mvite:esbuild[39m
  File: [36mC:/Users/antoi/Projects/projet-test/clean-archi-express/src/infrastructure/httpServer.ts[39m:162:1
[33m  
  [33mUnexpected ")"[33m
  160 |    process.on("SIGINT", () => shutdown("SIGINT"));
  161 |    process.on("SIGUSR2", () => shutdown("SIGUSR2"));
  162 |  });
      |   ^
  163 |  
  [39m
[90m [2m❯[22m failureErrorWithLog node_modules/esbuild/lib/main.js:[2m1467:15[22m[39m
[90m [2m❯[22m node_modules/esbuild/lib/main.js:[2m736:50[22m[39m
[90m [2m❯[22m responseCallbacks.<computed> node_modules/esbuild/lib/main.js:[2m603:9[22m[39m
[90m [2m❯[22m handleIncomingPacket node_modules/esbuild/lib/main.js:[2m658:12[22m[39m
[90m [2m❯[22m Socket.readFromStdout node_modules/esbuild/lib/main.js:[2m581:7[22m[39m

[31m[2m⎯⎯⎯⎯⎯⎯⎯⎯⎯⎯⎯⎯⎯⎯⎯⎯⎯⎯⎯⎯⎯⎯⎯⎯[1/1]⎯[22m[39m


[2m Test Files [22m [1m[31m1 failed[39m[22m[90m (1)[39m
[2m      Tests [22m [2mno tests[22m
[2m   Start at [22m 00:59:16
[2m   Duration [22m 369ms[2m (transform 52ms, setup 0ms, collect 0ms, tests 0ms, environment 0ms, prepare 7ms)[22m

